native-executable-inherit: Rust/SDK wall 0.661, parent CPU 0.581
node-inherit: Rust/SDK wall 0.937, parent CPU 0.547
native-dual-capture-1048576: Rust/SDK wall 0.613, parent CPU 0.612
native-dual-capture-8388608: Rust/SDK wall 0.806, parent CPU 0.785
node-dual-capture-1048576: Rust/SDK wall 0.945, parent CPU 0.535
native-stdin-text-1048576: Rust/SDK wall 0.725, parent CPU 0.759
native-duplex-1048576: Rust/SDK wall 0.653, parent CPU 0.661
node:internal/modules/run_main:107
    triggerUncaughtException(
    ^

AssertionError [ERR_ASSERTION]: Native parity gate failed: node-inherit
    at file:///workspace/twill-shell-native/packages/shell-native/benchmarks/benchmark.mjs:433:5
    at process.processTicksAndRejections (node:internal/process/task_queues:104:5) {
  generatedMessage: false,
  code: 'ERR_ASSERTION',
  actual: false,
  expected: true,
  operator: '==',
  diff: 'simple'
}

Node.js v24.19.0
