native-executable-inherit: Rust/SDK wall 0.638, parent CPU 0.579
node-inherit: Rust/SDK wall 0.954, parent CPU 0.566
native-dual-capture-1048576: Rust/SDK wall 0.584, parent CPU 0.625
native-dual-capture-8388608: Rust/SDK wall 0.757, parent CPU 0.857
node-dual-capture-1048576: Rust/SDK wall 0.874, parent CPU 0.483
native-stdin-text-1048576: Rust/SDK wall 0.626, parent CPU 0.773
native-duplex-1048576: Rust/SDK wall 0.555, parent CPU 0.619
node:internal/modules/run_main:107
    triggerUncaughtException(
    ^

AssertionError [ERR_ASSERTION]: Native parity gate failed: concurrency-32
    at file:///workspace/twill-shell-native/packages/shell-native/benchmarks/benchmark.mjs:450:5
    at process.processTicksAndRejections (node:internal/process/task_queues:104:5) {
  generatedMessage: false,
  code: 'ERR_ASSERTION',
  actual: false,
  expected: true,
  operator: '==',
  diff: 'simple'
}

Node.js v24.19.0
