32 {
  medianRatio: 0.9681470483109584,
  ratio95PercentInterval: {
    method: 'paired bootstrap median, 10000 deterministic resamples',
    lower: 0.958445880199861,
    upper: 1.0074428672359341
  }
}
128 {
  medianRatio: 1.032117276457259,
  ratio95PercentInterval: {
    method: 'paired bootstrap median, 10000 deterministic resamples',
    lower: 0.994709695658123,
    upper: 1.1615185590528756
  }
}
node:internal/modules/run_main:107
    triggerUncaughtException(
    ^

AssertionError [ERR_ASSERTION]: Parity gate failed: 128
    at file:///tmp/twill-extend-concurrency.mjs:39:92
    at ModuleJob.run (node:internal/modules/esm/module_job:439:25)
    at async node:internal/modules/esm/loader:643:26
    at async asyncRunEntryPointWithESMLoader (node:internal/modules/run_main:101:5) {
  generatedMessage: false,
  code: 'ERR_ASSERTION',
  actual: false,
  expected: true,
  operator: '==',
  diff: 'simple'
}

Node.js v24.19.0
