[2191925:0x44fc4000:0]      171 ms: pause=1.0 mutator=162.4 gc=s reduce_memory=0 interleaved=0 time_to_safepoint=0.00 heap.prologue=0.00 heap.epilogue=0.00 heap.external.prologue=0.00 heap.external.epilogue=0.00 heap.external_weak_global_handles=0.00 complete.sweep_array_buffers=0.00 scavenge=0.92 scavenge.free_remembered_set=0.00 scavenge.roots=0.09 scavenge.weak=0.00 scavenge.weak_global_handles.identify=0.00 scavenge.weak_global_handles.process=0.00 scavenge.parallel=0.00 scavenge.update_refs=0.00 scavenge.sweep_array_buffers=0.02 scavenge.resize_new_space=0.00 background.scavenge.parallel=0.64 incremental.steps_count=0 incremental.steps_took=0.0 scavenge_throughput=365186 start_object_size=5493816 end_object_size=4940168 start_memory_size=6811648 end_memory_size=7860224 start_holes_size=1176752 end_holes_size=1176752 allocated=5493816 promoted=0 quarantined_size=0 quarantined_pages=0 new_space_survived=363360 nodes_died_in_new=0 nodes_copied_in_new=20 nodes_promoted=0 promotion_ratio=0.0% average_survival_ratio=39.6% promotion_rate=0.0% new_space_survive_rate_=39.6% new_space_allocation_throughput=3815.2 new_space_capacity=1048576 old_gen_allocation_limit=212712098 global_allocation_limit=425424196 allocation_throughput=22854.5 pool_local_chunks=0 pool_shared_chunks=0 pool_total_chunks=0
[2191925:0x44fc4000:0]      258 ms: pause=2.2 mutator=84.4 gc=s reduce_memory=0 interleaved=0 time_to_safepoint=0.00 heap.prologue=0.00 heap.epilogue=0.00 heap.external.prologue=0.00 heap.external.epilogue=0.00 heap.external_weak_global_handles=0.00 complete.sweep_array_buffers=0.00 scavenge=2.16 scavenge.free_remembered_set=0.01 scavenge.roots=0.11 scavenge.weak=0.00 scavenge.weak_global_handles.identify=0.00 scavenge.weak_global_handles.process=0.00 scavenge.parallel=0.00 scavenge.update_refs=0.00 scavenge.sweep_array_buffers=0.49 scavenge.resize_new_space=0.00 background.scavenge.parallel=1.41 incremental.steps_count=0 incremental.steps_took=0.0 scavenge_throughput=235789 start_object_size=5669696 end_object_size=5205600 start_memory_size=7860224 end_memory_size=8122368 start_holes_size=934792 end_holes_size=837384 allocated=729528 promoted=359536 quarantined_size=0 quarantined_pages=0 new_space_survived=27384 nodes_died_in_new=1 nodes_copied_in_new=3 nodes_promoted=18 promotion_ratio=42.2% average_survival_ratio=42.5% promotion_rate=98.9% new_space_survive_rate_=3.2% new_space_allocation_throughput=4683.9 new_space_capacity=1048576 old_gen_allocation_limit=90494502 global_allocation_limit=180989004 allocation_throughput=16560.1 pool_local_chunks=0 pool_shared_chunks=0 pool_total_chunks=0
[2191925:0x44fc4000:0]      353 ms: pause=0.4 mutator=94.3 gc=s reduce_memory=0 interleaved=0 time_to_safepoint=0.00 heap.prologue=0.00 heap.epilogue=0.00 heap.external.prologue=0.00 heap.external.epilogue=0.00 heap.external_weak_global_handles=0.00 complete.sweep_array_buffers=0.00 scavenge=0.40 scavenge.free_remembered_set=0.00 scavenge.roots=0.07 scavenge.weak=0.00 scavenge.weak_global_handles.identify=0.00 scavenge.weak_global_handles.process=0.00 scavenge.parallel=0.29 scavenge.update_refs=0.00 scavenge.sweep_array_buffers=0.01 scavenge.resize_new_space=0.00 background.scavenge.parallel=0.00 incremental.steps_count=0 incremental.steps_took=0.0 scavenge_throughput=241096 start_object_size=6136256 end_object_size=5409672 start_memory_size=8384512 end_memory_size=8384512 start_holes_size=985240 end_holes_size=963656 allocated=930656 promoted=21584 quarantined_size=0 quarantined_pages=0 new_space_survived=95600 nodes_died_in_new=1 nodes_copied_in_new=3 nodes_promoted=1 promotion_ratio=2.6% average_survival_ratio=33.0% promotion_rate=78.8% new_space_survive_rate_=11.3% new_space_allocation_throughput=6591.0 new_space_capacity=1048576 old_gen_allocation_limit=29855508 global_allocation_limit=59711016 allocation_throughput=15180.1 pool_local_chunks=0 pool_shared_chunks=0 pool_total_chunks=0
TWILL_BEGIN {"n":0,"mode":"native"}
TWILL_END {"n":0,"mode":"native","wallMs":11.367707999999993,"parentCPUMs":8.637}
TWILL_BEGIN {"n":0,"mode":"sdk"}
[2191925:0x44fc4000:0]      398 ms: pause=1.8 mutator=43.3 gc=mc reduce_memory=0 time_to_safepoint=0.00 heap.prologue=0.00 heap.embedder_tracing_epilogue=0.01 heap.epilogue=0.00 heap.external.prologue=0.0 heap.external.epilogue=0.0 heap.external.weak_global_handles=0.0 clear=0 clear.external_string_table=0.0 clear.string_forwarding_table=0.0 clear.weak_global_handles=0.0 clear.dependent_code=0.0 clear.maps=0.0 clear.slots_buffer=0.0 clear.weak_collections=0.0 clear.weak_lists=0.0 clear.weak_references_trivial=0.0 clear.weak_references_non_trivial=0.0 clear.weak_references_filter_non_trivial=0.0 clear.js_weak_references=0.0 clear.join_filter_job=0.0clear.join_job=0.3 weakness_handling=0.0 complete.sweep_array_buffers=0.0 complete.sweeping=0.0 epilogue=0.0 evacuate=1.0 evacuate.pin_pages=0.0 evacuate.candidates=0.0 evacuate.clean_up=0.0 evacuate.copy=0.7 evacuate.prologue=0.0 evacuate.epilogue=0.0 evacuate.rebalance=0.0 evacuate.update_pointers=0.4 evacuate.update_pointers.to_new_roots=0.2 evacuate.update_pointers.slots.main=0.1 evacuate.update_pointers.weak=0.0 finish=0.0 finish.sweep_array_buffers=0.0 mark=0.3 mark.finish_incremental=0.0 mark.roots=0.4 mark.full_closure_parallel=0.1 mark.full_closure=0.0 mark.ephemeron.marking=0.0 mark.ephemeron.linear=0.0 mark.embedder_prologue=0.0 mark.embedder_tracing=0.0 prologue=0.0 sweep=0.3 sweep.code=0.0 sweep.map=0.0 sweep.new=0.0 sweep.new_lo=0.0 sweep.old=0.0 sweep.start_jobs=0.0 incremental=0.0 incremental.finalize.external.prologue=0.0 incremental.finalize.external.epilogue=0.0 incremental.layout_change=0.0 incremental.sweep_array_buffers=5.9 incremental.sweeping=0.0 incremental.embedder_tracing=0.0 incremental_wrapper_tracing_longest_step=0.0 incremental_longest_step=0.0 incremental_steps_count=1 incremental_marking_throughput=131072 incremental_walltime_duration=8 background.mark=6.0 background.sweep=0.0 background.evacuate.copy=0.0 background.evacuate.update_pointers=0.0 conservative_stack_scanning=0.00 start_object_size=5747040 end_object_size=5146088 start_memory_size=8384512 end_memory_size=7860224 start_holes_size=428072 end_holes_size=63672 allocated=337368 promoted=23296 new_space_survived=0 nodes_died_in_new=5 nodes_copied_in_new=0 nodes_promoted=0 promotion_ratio=6.6% average_survival_ratio=26.4% promotion_rate=24.4% new_space_survive_rate=0.0% new_space_allocation_throughput=6432.4 new_space_capacity=1048576 old_gen_allocation_limit=29855508 global_allocation_limit=59711016 allocation_throughput=13393.5 pool_local_chunks=2 pool_shared_chunks=0 pool_total_chunks=2 compaction_speed=116695.9
TWILL_END {"n":0,"mode":"sdk","wallMs":20.991138999999976,"parentCPUMs":17.358}
TWILL_BEGIN {"n":1,"mode":"sdk"}
TWILL_END {"n":1,"mode":"sdk","wallMs":6.223798000000045,"parentCPUMs":3.682}
TWILL_BEGIN {"n":1,"mode":"native"}
TWILL_END {"n":1,"mode":"native","wallMs":7.337179999999989,"parentCPUMs":4.186}
TWILL_BEGIN {"n":2,"mode":"native"}
TWILL_END {"n":2,"mode":"native","wallMs":6.605457000000001,"parentCPUMs":4.143}
TWILL_BEGIN {"n":2,"mode":"sdk"}
TWILL_END {"n":2,"mode":"sdk","wallMs":6.538555000000031,"parentCPUMs":3.705}
TWILL_BEGIN {"n":3,"mode":"sdk"}
TWILL_END {"n":3,"mode":"sdk","wallMs":7.144643999999971,"parentCPUMs":4.502}
TWILL_BEGIN {"n":3,"mode":"native"}
TWILL_END {"n":3,"mode":"native","wallMs":7.084516000000008,"parentCPUMs":4.084}
TWILL_BEGIN {"n":4,"mode":"native"}
TWILL_END {"n":4,"mode":"native","wallMs":5.710122000000013,"parentCPUMs":3.484}
TWILL_BEGIN {"n":4,"mode":"sdk"}
TWILL_END {"n":4,"mode":"sdk","wallMs":6.524113,"parentCPUMs":3.691}
TWILL_BEGIN {"n":5,"mode":"sdk"}
[2191925:0x44fc4000:0]      463 ms: pause=0.4 mutator=65.2 gc=s reduce_memory=0 interleaved=0 time_to_safepoint=0.00 heap.prologue=0.00 heap.epilogue=0.00 heap.external.prologue=0.00 heap.external.epilogue=0.00 heap.external_weak_global_handles=0.00 complete.sweep_array_buffers=0.00 scavenge=0.36 scavenge.free_remembered_set=0.00 scavenge.roots=0.06 scavenge.weak=0.00 scavenge.weak_global_handles.identify=0.00 scavenge.weak_global_handles.process=0.00 scavenge.parallel=0.10 scavenge.update_refs=0.00 scavenge.sweep_array_buffers=0.16 scavenge.resize_new_space=0.00 background.scavenge.parallel=0.00 incremental.steps_count=0 incremental.steps_took=0.0 scavenge_throughput=235201 start_object_size=6138728 end_object_size=5316240 start_memory_size=7860224 end_memory_size=7860224 start_holes_size=513016 end_holes_size=513016 allocated=992640 promoted=0 quarantined_size=0 quarantined_pages=0 new_space_survived=70752 nodes_died_in_new=1 nodes_copied_in_new=3 nodes_promoted=1 promotion_ratio=0.0% average_survival_ratio=22.7% promotion_rate=0.0% new_space_survive_rate_=7.9% new_space_allocation_throughput=9074.9 new_space_capacity=1048576 old_gen_allocation_limit=21640032 global_allocation_limit=21640032 allocation_throughput=14189.2 pool_local_chunks=2 pool_shared_chunks=0 pool_total_chunks=2
TWILL_END {"n":5,"mode":"sdk","wallMs":6.444948000000011,"parentCPUMs":3.79}
TWILL_BEGIN {"n":5,"mode":"native"}
TWILL_END {"n":5,"mode":"native","wallMs":5.936525999999958,"parentCPUMs":3.512}
TWILL_BEGIN {"n":6,"mode":"native"}
TWILL_END {"n":6,"mode":"native","wallMs":6.374821999999995,"parentCPUMs":3.442}
TWILL_BEGIN {"n":6,"mode":"sdk"}
TWILL_END {"n":6,"mode":"sdk","wallMs":5.386737000000039,"parentCPUMs":3.215}
TWILL_BEGIN {"n":7,"mode":"sdk"}
TWILL_END {"n":7,"mode":"sdk","wallMs":7.030853000000036,"parentCPUMs":4.441}
TWILL_BEGIN {"n":7,"mode":"native"}
TWILL_END {"n":7,"mode":"native","wallMs":12.07401699999997,"parentCPUMs":8.595}
TWILL_BEGIN {"n":8,"mode":"native"}
TWILL_END {"n":8,"mode":"native","wallMs":14.146543999999949,"parentCPUMs":10.831}
TWILL_BEGIN {"n":8,"mode":"sdk"}
TWILL_END {"n":8,"mode":"sdk","wallMs":14.173766999999998,"parentCPUMs":10.886}
TWILL_BEGIN {"n":9,"mode":"sdk"}
TWILL_END {"n":9,"mode":"sdk","wallMs":15.322052000000099,"parentCPUMs":11.149}
TWILL_BEGIN {"n":9,"mode":"native"}
[2191925:0x44fc4000:0]      554 ms: pause=0.8 mutator=89.8 gc=s reduce_memory=0 interleaved=0 time_to_safepoint=0.00 heap.prologue=0.00 heap.epilogue=0.00 heap.external.prologue=0.00 heap.external.epilogue=0.00 heap.external_weak_global_handles=0.00 complete.sweep_array_buffers=0.00 scavenge=0.79 scavenge.free_remembered_set=0.01 scavenge.roots=0.07 scavenge.weak=0.00 scavenge.weak_global_handles.identify=0.00 scavenge.weak_global_handles.process=0.00 scavenge.parallel=0.00 scavenge.update_refs=0.00 scavenge.sweep_array_buffers=0.17 scavenge.resize_new_space=0.08 background.scavenge.parallel=0.32 incremental.steps_count=0 incremental.steps_took=0.0 scavenge_throughput=224025 start_object_size=6104360 end_object_size=5400544 start_memory_size=7860224 end_memory_size=9957376 start_holes_size=494392 end_holes_size=424992 allocated=788120 promoted=69400 quarantined_size=0 quarantined_pages=0 new_space_survived=67032 nodes_died_in_new=1 nodes_copied_in_new=3 nodes_promoted=1 promotion_ratio=8.3% average_survival_ratio=21.6% promotion_rate=98.1% new_space_survive_rate_=8.0% new_space_allocation_throughput=8840.1 new_space_capacity=2097152 old_gen_allocation_limit=21640032 global_allocation_limit=21640032 allocation_throughput=11680.5 pool_local_chunks=0 pool_shared_chunks=0 pool_total_chunks=0
TWILL_END {"n":9,"mode":"native","wallMs":8.32211099999995,"parentCPUMs":4.67}
TWILL_BEGIN {"n":10,"mode":"native"}
TWILL_END {"n":10,"mode":"native","wallMs":6.392336999999998,"parentCPUMs":3.517}
TWILL_BEGIN {"n":10,"mode":"sdk"}
TWILL_END {"n":10,"mode":"sdk","wallMs":6.4501169999999775,"parentCPUMs":3.882}
TWILL_BEGIN {"n":11,"mode":"sdk"}
TWILL_END {"n":11,"mode":"sdk","wallMs":7.64536499999997,"parentCPUMs":4.797}
TWILL_BEGIN {"n":11,"mode":"native"}
TWILL_END {"n":11,"mode":"native","wallMs":10.927577000000042,"parentCPUMs":7.709}
TWILL_BEGIN {"n":12,"mode":"native"}
TWILL_END {"n":12,"mode":"native","wallMs":13.095150999999987,"parentCPUMs":9.853}
TWILL_BEGIN {"n":12,"mode":"sdk"}
[2191925:0x44fc4000:0]      624 ms: pause=3.3 mutator=66.4 gc=mc reduce_memory=0 time_to_safepoint=0.00 heap.prologue=0.00 heap.embedder_tracing_epilogue=0.01 heap.epilogue=0.00 heap.external.prologue=0.0 heap.external.epilogue=0.0 heap.external.weak_global_handles=0.0 clear=0 clear.external_string_table=0.0 clear.string_forwarding_table=0.0 clear.weak_global_handles=0.0 clear.dependent_code=0.0 clear.maps=0.0 clear.slots_buffer=0.0 clear.weak_collections=0.0 clear.weak_lists=0.0 clear.weak_references_trivial=0.0 clear.weak_references_non_trivial=0.0 clear.weak_references_filter_non_trivial=0.0 clear.js_weak_references=0.0 clear.join_filter_job=0.0clear.join_job=0.0 weakness_handling=0.0 complete.sweep_array_buffers=0.0 complete.sweeping=0.0 epilogue=0.0 evacuate=0.5 evacuate.pin_pages=0.0 evacuate.candidates=0.0 evacuate.clean_up=0.0 evacuate.copy=0.2 evacuate.prologue=0.0 evacuate.epilogue=0.0 evacuate.rebalance=0.0 evacuate.update_pointers=0.3 evacuate.update_pointers.to_new_roots=0.2 evacuate.update_pointers.slots.main=0.0 evacuate.update_pointers.weak=0.0 finish=2.0 finish.sweep_array_buffers=0.6 mark=0.2 mark.finish_incremental=0.0 mark.roots=0.4 mark.full_closure_parallel=0.1 mark.full_closure=0.0 mark.ephemeron.marking=0.0 mark.ephemeron.linear=0.0 mark.embedder_prologue=0.0 mark.embedder_tracing=0.0 prologue=0.0 sweep=0.1 sweep.code=0.0 sweep.map=0.0 sweep.new=0.0 sweep.new_lo=0.0 sweep.old=0.0 sweep.start_jobs=1.4 incremental=0.4 incremental.finalize.external.prologue=0.0 incremental.finalize.external.epilogue=0.0 incremental.layout_change=0.0 incremental.sweep_array_buffers=6.0 incremental.sweeping=0.0 incremental.embedder_tracing=0.0 incremental_wrapper_tracing_longest_step=0.0 incremental_longest_step=0.1 incremental_steps_count=9 incremental_marking_throughput=1950909 incremental_walltime_duration=10 background.mark=6.5 background.sweep=1.3 background.evacuate.copy=0.0 background.evacuate.update_pointers=0.0 conservative_stack_scanning=0.00 start_object_size=5933032 end_object_size=5247032 start_memory_size=9957376 end_memory_size=9957376 start_holes_size=422928 end_holes_size=17696 allocated=532488 promoted=11904 new_space_survived=0 nodes_died_in_new=5 nodes_copied_in_new=0 nodes_promoted=0 promotion_ratio=2.0% average_survival_ratio=18.8% promotion_rate=17.8% new_space_survive_rate=0.0% new_space_allocation_throughput=8523.5 new_space_capacity=2097152 old_gen_allocation_limit=21640032 global_allocation_limit=21640032 allocation_throughput=10712.5 pool_local_chunks=0 pool_shared_chunks=0 pool_total_chunks=0 compaction_speed=73030.7
TWILL_END {"n":12,"mode":"sdk","wallMs":19.31719899999996,"parentCPUMs":15.737}
TWILL_BEGIN {"n":13,"mode":"sdk"}
TWILL_END {"n":13,"mode":"sdk","wallMs":6.9982780000000275,"parentCPUMs":4.041}
TWILL_BEGIN {"n":13,"mode":"native"}
TWILL_END {"n":13,"mode":"native","wallMs":6.919725999999969,"parentCPUMs":4.23}
TWILL_BEGIN {"n":14,"mode":"native"}
TWILL_END {"n":14,"mode":"native","wallMs":7.059886000000006,"parentCPUMs":3.899}
TWILL_BEGIN {"n":14,"mode":"sdk"}
TWILL_END {"n":14,"mode":"sdk","wallMs":6.626634999999965,"parentCPUMs":3.884}
TWILL_BEGIN {"n":15,"mode":"sdk"}
TWILL_END {"n":15,"mode":"sdk","wallMs":7.0502290000000585,"parentCPUMs":3.974}
TWILL_BEGIN {"n":15,"mode":"native"}
TWILL_END {"n":15,"mode":"native","wallMs":6.624241000000097,"parentCPUMs":3.749}
TWILL_BEGIN {"n":16,"mode":"native"}
TWILL_END {"n":16,"mode":"native","wallMs":6.1493809999999485,"parentCPUMs":3.709}
TWILL_BEGIN {"n":16,"mode":"sdk"}
TWILL_END {"n":16,"mode":"sdk","wallMs":6.360553000000095,"parentCPUMs":3.786}
TWILL_BEGIN {"n":17,"mode":"sdk"}
TWILL_END {"n":17,"mode":"sdk","wallMs":6.537363000000028,"parentCPUMs":3.71}
TWILL_BEGIN {"n":17,"mode":"native"}
TWILL_END {"n":17,"mode":"native","wallMs":6.497604000000024,"parentCPUMs":3.849}
TWILL_BEGIN {"n":18,"mode":"native"}
TWILL_END {"n":18,"mode":"native","wallMs":8.012755999999968,"parentCPUMs":3.944}
TWILL_BEGIN {"n":18,"mode":"sdk"}
TWILL_END {"n":18,"mode":"sdk","wallMs":7.259813000000008,"parentCPUMs":4.147}
TWILL_BEGIN {"n":19,"mode":"sdk"}
TWILL_END {"n":19,"mode":"sdk","wallMs":6.555302999999981,"parentCPUMs":3.655}
TWILL_BEGIN {"n":19,"mode":"native"}
TWILL_END {"n":19,"mode":"native","wallMs":6.261808999999971,"parentCPUMs":3.626}
TWILL_BEGIN {"n":20,"mode":"native"}
TWILL_END {"n":20,"mode":"native","wallMs":7.299668999999994,"parentCPUMs":4.256}
TWILL_BEGIN {"n":20,"mode":"sdk"}
[2191925:0x44fc4000:0]      750 ms: pause=3.5 mutator=122.8 gc=mc reduce_memory=0 time_to_safepoint=0.00 heap.prologue=0.00 heap.embedder_tracing_epilogue=0.02 heap.epilogue=0.00 heap.external.prologue=0.0 heap.external.epilogue=0.0 heap.external.weak_global_handles=0.0 clear=0 clear.external_string_table=0.0 clear.string_forwarding_table=0.0 clear.weak_global_handles=0.0 clear.dependent_code=0.0 clear.maps=0.0 clear.slots_buffer=0.0 clear.weak_collections=0.0 clear.weak_lists=0.0 clear.weak_references_trivial=0.0 clear.weak_references_non_trivial=0.0 clear.weak_references_filter_non_trivial=0.0 clear.js_weak_references=0.0 clear.join_filter_job=0.0clear.join_job=0.0 weakness_handling=0.0 complete.sweep_array_buffers=0.0 complete.sweeping=0.0 epilogue=0.0 evacuate=0.6 evacuate.pin_pages=0.0 evacuate.candidates=0.0 evacuate.clean_up=0.0 evacuate.copy=0.2 evacuate.prologue=0.0 evacuate.epilogue=0.0 evacuate.rebalance=0.0 evacuate.update_pointers=0.3 evacuate.update_pointers.to_new_roots=0.2 evacuate.update_pointers.slots.main=0.1 evacuate.update_pointers.weak=0.0 finish=2.3 finish.sweep_array_buffers=0.7 mark=0.2 mark.finish_incremental=0.0 mark.roots=0.9 mark.full_closure_parallel=0.1 mark.full_closure=0.0 mark.ephemeron.marking=0.0 mark.ephemeron.linear=0.0 mark.embedder_prologue=0.0 mark.embedder_tracing=0.0 prologue=0.0 sweep=0.1 sweep.code=0.0 sweep.map=0.0 sweep.new=0.0 sweep.new_lo=0.0 sweep.old=0.0 sweep.start_jobs=1.6 incremental=2.1 incremental.finalize.external.prologue=0.0 incremental.finalize.external.epilogue=0.0 incremental.layout_change=0.0 incremental.sweep_array_buffers=4.6 incremental.sweeping=0.0 incremental.embedder_tracing=0.0 incremental_wrapper_tracing_longest_step=0.0 incremental_longest_step=0.2 incremental_steps_count=29 incremental_marking_throughput=1488559 incremental_walltime_duration=11 background.mark=6.7 background.sweep=1.6 background.evacuate.copy=0.0 background.evacuate.update_pointers=0.0 conservative_stack_scanning=0.00 start_object_size=6660384 end_object_size=5254888 start_memory_size=9957376 end_memory_size=10219520 start_holes_size=491656 end_holes_size=248552 allocated=1413352 promoted=13600 new_space_survived=0 nodes_died_in_new=5 nodes_copied_in_new=0 nodes_promoted=0 promotion_ratio=1.0% average_survival_ratio=16.6% promotion_rate=0.0% new_space_survive_rate=0.0% new_space_allocation_throughput=10141.0 new_space_capacity=2097152 old_gen_allocation_limit=15733056 global_allocation_limit=15733056 allocation_throughput=11223.8 pool_local_chunks=0 pool_shared_chunks=0 pool_total_chunks=0 compaction_speed=80514.6
TWILL_END {"n":20,"mode":"sdk","wallMs":17.174717999999984,"parentCPUMs":14.301}
TWILL_BEGIN {"n":21,"mode":"sdk"}
TWILL_END {"n":21,"mode":"sdk","wallMs":6.628575000000069,"parentCPUMs":3.919}
TWILL_BEGIN {"n":21,"mode":"native"}
TWILL_END {"n":21,"mode":"native","wallMs":6.404109999999946,"parentCPUMs":3.807}
TWILL_BEGIN {"n":22,"mode":"native"}
TWILL_END {"n":22,"mode":"native","wallMs":6.5287270000000035,"parentCPUMs":3.488}
TWILL_BEGIN {"n":22,"mode":"sdk"}
TWILL_END {"n":22,"mode":"sdk","wallMs":6.607973000000015,"parentCPUMs":3.476}
TWILL_BEGIN {"n":23,"mode":"sdk"}
TWILL_END {"n":23,"mode":"sdk","wallMs":6.600498000000016,"parentCPUMs":3.955}
TWILL_BEGIN {"n":23,"mode":"native"}
TWILL_END {"n":23,"mode":"native","wallMs":6.216183000000001,"parentCPUMs":3.535}
TWILL_BEGIN {"n":24,"mode":"native"}
TWILL_END {"n":24,"mode":"native","wallMs":6.8275990000000775,"parentCPUMs":4.082}
TWILL_BEGIN {"n":24,"mode":"sdk"}
TWILL_END {"n":24,"mode":"sdk","wallMs":8.935032999999976,"parentCPUMs":5.947}
TWILL_BEGIN {"n":25,"mode":"sdk"}
TWILL_END {"n":25,"mode":"sdk","wallMs":6.104389999999967,"parentCPUMs":3.648}
TWILL_BEGIN {"n":25,"mode":"native"}
TWILL_END {"n":25,"mode":"native","wallMs":6.932293999999956,"parentCPUMs":4.149}
TWILL_BEGIN {"n":26,"mode":"native"}
TWILL_END {"n":26,"mode":"native","wallMs":6.315651000000003,"parentCPUMs":3.762}
TWILL_BEGIN {"n":26,"mode":"sdk"}
TWILL_END {"n":26,"mode":"sdk","wallMs":7.602405999999974,"parentCPUMs":4.303}
TWILL_BEGIN {"n":27,"mode":"sdk"}
TWILL_END {"n":27,"mode":"sdk","wallMs":7.2557239999999865,"parentCPUMs":4.136}
TWILL_BEGIN {"n":27,"mode":"native"}
TWILL_END {"n":27,"mode":"native","wallMs":6.5391440000000784,"parentCPUMs":3.69}
TWILL_BEGIN {"n":28,"mode":"native"}
TWILL_END {"n":28,"mode":"native","wallMs":8.081403000000023,"parentCPUMs":5.167}
TWILL_BEGIN {"n":28,"mode":"sdk"}
[2191925:0x44fc4000:0]      874 ms: pause=1.3 mutator=122.5 gc=mc reduce_memory=0 time_to_safepoint=0.00 heap.prologue=0.00 heap.embedder_tracing_epilogue=0.01 heap.epilogue=0.00 heap.external.prologue=0.0 heap.external.epilogue=0.0 heap.external.weak_global_handles=0.0 clear=0 clear.external_string_table=0.0 clear.string_forwarding_table=0.0 clear.weak_global_handles=0.0 clear.dependent_code=0.0 clear.maps=0.0 clear.slots_buffer=0.0 clear.weak_collections=0.0 clear.weak_lists=0.0 clear.weak_references_trivial=0.0 clear.weak_references_non_trivial=0.0 clear.weak_references_filter_non_trivial=0.0 clear.js_weak_references=0.0 clear.join_filter_job=0.0clear.join_job=0.0 weakness_handling=0.0 complete.sweep_array_buffers=0.0 complete.sweeping=0.0 epilogue=0.0 evacuate=0.4 evacuate.pin_pages=0.0 evacuate.candidates=0.0 evacuate.clean_up=0.0 evacuate.copy=0.1 evacuate.prologue=0.0 evacuate.epilogue=0.0 evacuate.rebalance=0.0 evacuate.update_pointers=0.3 evacuate.update_pointers.to_new_roots=0.2 evacuate.update_pointers.slots.main=0.0 evacuate.update_pointers.weak=0.0 finish=0.0 finish.sweep_array_buffers=0.0 mark=0.3 mark.finish_incremental=0.0 mark.roots=0.6 mark.full_closure_parallel=0.2 mark.full_closure=0.0 mark.ephemeron.marking=0.0 mark.ephemeron.linear=0.0 mark.embedder_prologue=0.0 mark.embedder_tracing=0.0 prologue=0.0 sweep=0.0 sweep.code=0.0 sweep.map=0.0 sweep.new=0.0 sweep.new_lo=0.0 sweep.old=0.0 sweep.start_jobs=0.0 incremental=0.0 incremental.finalize.external.prologue=0.0 incremental.finalize.external.epilogue=0.0 incremental.layout_change=0.0 incremental.sweep_array_buffers=5.8 incremental.sweeping=0.0 incremental.embedder_tracing=0.0 incremental_wrapper_tracing_longest_step=0.0 incremental_longest_step=0.0 incremental_steps_count=5 incremental_marking_throughput=1488559 incremental_walltime_duration=8 background.mark=6.3 background.sweep=0.0 background.evacuate.copy=0.0 background.evacuate.update_pointers=0.0 conservative_stack_scanning=0.00 start_object_size=6707880 end_object_size=5306464 start_memory_size=10219520 end_memory_size=10219520 start_holes_size=701560 end_holes_size=241256 allocated=1452992 promoted=16080 new_space_survived=0 nodes_died_in_new=5 nodes_copied_in_new=0 nodes_promoted=0 promotion_ratio=1.2% average_survival_ratio=14.9% promotion_rate=0.0% new_space_survive_rate=0.0% new_space_allocation_throughput=10823.8 new_space_capacity=2097152 old_gen_allocation_limit=15740648 global_allocation_limit=15740648 allocation_throughput=11650.7 pool_local_chunks=0 pool_shared_chunks=0 pool_total_chunks=0 compaction_speed=353217.4
TWILL_END {"n":28,"mode":"sdk","wallMs":18.68233299999997,"parentCPUMs":15.473}
TWILL_BEGIN {"n":29,"mode":"sdk"}
TWILL_END {"n":29,"mode":"sdk","wallMs":6.847639999999956,"parentCPUMs":3.932}
TWILL_BEGIN {"n":29,"mode":"native"}
TWILL_END {"n":29,"mode":"native","wallMs":6.799231999999961,"parentCPUMs":4.076}
TWILL_BEGIN {"n":30,"mode":"native"}
TWILL_END {"n":30,"mode":"native","wallMs":5.952268000000004,"parentCPUMs":3.498}
TWILL_BEGIN {"n":30,"mode":"sdk"}
TWILL_END {"n":30,"mode":"sdk","wallMs":6.053384999999935,"parentCPUMs":3.48}
TWILL_BEGIN {"n":31,"mode":"sdk"}
TWILL_END {"n":31,"mode":"sdk","wallMs":6.758836999999971,"parentCPUMs":3.701}
TWILL_BEGIN {"n":31,"mode":"native"}
TWILL_END {"n":31,"mode":"native","wallMs":6.217559000000051,"parentCPUMs":3.562}
TWILL_BEGIN {"n":32,"mode":"native"}
TWILL_END {"n":32,"mode":"native","wallMs":6.402798999999959,"parentCPUMs":3.749}
TWILL_BEGIN {"n":32,"mode":"sdk"}
TWILL_END {"n":32,"mode":"sdk","wallMs":6.407868000000008,"parentCPUMs":3.615}
TWILL_BEGIN {"n":33,"mode":"sdk"}
TWILL_END {"n":33,"mode":"sdk","wallMs":6.906560000000013,"parentCPUMs":4.351}
TWILL_BEGIN {"n":33,"mode":"native"}
TWILL_END {"n":33,"mode":"native","wallMs":6.991630999999984,"parentCPUMs":3.711}
TWILL_BEGIN {"n":34,"mode":"native"}
TWILL_END {"n":34,"mode":"native","wallMs":6.383996000000025,"parentCPUMs":3.854}
TWILL_BEGIN {"n":34,"mode":"sdk"}
TWILL_END {"n":34,"mode":"sdk","wallMs":6.554766000000086,"parentCPUMs":3.583}
TWILL_BEGIN {"n":35,"mode":"sdk"}
TWILL_END {"n":35,"mode":"sdk","wallMs":6.585156999999981,"parentCPUMs":3.642}
TWILL_BEGIN {"n":35,"mode":"native"}
TWILL_END {"n":35,"mode":"native","wallMs":6.792659999999955,"parentCPUMs":3.788}
TWILL_BEGIN {"n":36,"mode":"native"}
TWILL_END {"n":36,"mode":"native","wallMs":9.150396999999998,"parentCPUMs":5.967}
TWILL_BEGIN {"n":36,"mode":"sdk"}
TWILL_END {"n":36,"mode":"sdk","wallMs":13.06973800000003,"parentCPUMs":10.516}
TWILL_BEGIN {"n":37,"mode":"sdk"}
[2191925:0x44fc4000:0]     1006 ms: pause=4.7 mutator=127.2 gc=mc reduce_memory=0 time_to_safepoint=0.00 heap.prologue=0.00 heap.embedder_tracing_epilogue=0.03 heap.epilogue=0.00 heap.external.prologue=0.0 heap.external.epilogue=0.0 heap.external.weak_global_handles=0.0 clear=0 clear.external_string_table=0.0 clear.string_forwarding_table=0.0 clear.weak_global_handles=0.0 clear.dependent_code=0.0 clear.maps=0.0 clear.slots_buffer=0.0 clear.weak_collections=0.0 clear.weak_lists=0.0 clear.weak_references_trivial=0.0 clear.weak_references_non_trivial=0.0 clear.weak_references_filter_non_trivial=0.0 clear.js_weak_references=0.0 clear.join_filter_job=0.0clear.join_job=0.0 weakness_handling=0.0 complete.sweep_array_buffers=0.0 complete.sweeping=0.0 epilogue=0.0 evacuate=0.4 evacuate.pin_pages=0.0 evacuate.candidates=0.0 evacuate.clean_up=0.0 evacuate.copy=0.1 evacuate.prologue=0.0 evacuate.epilogue=0.0 evacuate.rebalance=0.0 evacuate.update_pointers=0.3 evacuate.update_pointers.to_new_roots=0.2 evacuate.update_pointers.slots.main=0.0 evacuate.update_pointers.weak=0.0 finish=3.6 finish.sweep_array_buffers=1.4 mark=0.1 mark.finish_incremental=0.0 mark.roots=0.4 mark.full_closure_parallel=0.0 mark.full_closure=0.0 mark.ephemeron.marking=0.0 mark.ephemeron.linear=0.0 mark.embedder_prologue=0.0 mark.embedder_tracing=0.0 prologue=0.0 sweep=0.1 sweep.code=0.0 sweep.map=0.0 sweep.new=0.0 sweep.new_lo=0.0 sweep.old=0.1 sweep.start_jobs=2.2 incremental=0.1 incremental.finalize.external.prologue=0.0 incremental.finalize.external.epilogue=0.0 incremental.layout_change=0.0 incremental.sweep_array_buffers=5.6 incremental.sweeping=0.0 incremental.embedder_tracing=0.0 incremental_wrapper_tracing_longest_step=0.0 incremental_longest_step=0.1 incremental_steps_count=1 incremental_marking_throughput=760279 incremental_walltime_duration=15 background.mark=7.2 background.sweep=1.5 background.evacuate.copy=0.0 background.evacuate.update_pointers=0.0 conservative_stack_scanning=0.00 start_object_size=6777064 end_object_size=5341080 start_memory_size=10219520 end_memory_size=10219520 start_holes_size=693368 end_holes_size=211872 allocated=1470600 promoted=35832 new_space_survived=0 nodes_died_in_new=5 nodes_copied_in_new=0 nodes_promoted=0 promotion_ratio=2.5% average_survival_ratio=13.6% promotion_rate=0.0% new_space_survive_rate=0.0% new_space_allocation_throughput=11162.0 new_space_capacity=2097152 old_gen_allocation_limit=15792256 global_allocation_limit=15792256 allocation_throughput=11674.9 pool_local_chunks=0 pool_shared_chunks=0 pool_total_chunks=0 compaction_speed=540869.6
TWILL_END {"n":37,"mode":"sdk","wallMs":10.059861999999953,"parentCPUMs":6.986}
TWILL_BEGIN {"n":37,"mode":"native"}
TWILL_END {"n":37,"mode":"native","wallMs":6.136854999999969,"parentCPUMs":3.555}
TWILL_BEGIN {"n":38,"mode":"native"}
TWILL_END {"n":38,"mode":"native","wallMs":6.396492999999964,"parentCPUMs":3.773}
TWILL_BEGIN {"n":38,"mode":"sdk"}
TWILL_END {"n":38,"mode":"sdk","wallMs":6.461061999999856,"parentCPUMs":3.785}
TWILL_BEGIN {"n":39,"mode":"sdk"}
TWILL_END {"n":39,"mode":"sdk","wallMs":6.7359989999999925,"parentCPUMs":3.929}
TWILL_BEGIN {"n":39,"mode":"native"}
TWILL_END {"n":39,"mode":"native","wallMs":6.582886000000144,"parentCPUMs":3.921}
TWILL_BEGIN {"n":40,"mode":"native"}
TWILL_END {"n":40,"mode":"native","wallMs":7.16237000000001,"parentCPUMs":4.273}
TWILL_BEGIN {"n":40,"mode":"sdk"}
TWILL_END {"n":40,"mode":"sdk","wallMs":6.354440999999952,"parentCPUMs":3.622}
TWILL_BEGIN {"n":41,"mode":"sdk"}
TWILL_END {"n":41,"mode":"sdk","wallMs":6.537237000000005,"parentCPUMs":3.77}
TWILL_BEGIN {"n":41,"mode":"native"}
TWILL_END {"n":41,"mode":"native","wallMs":7.287796000000071,"parentCPUMs":3.945}
TWILL_BEGIN {"n":42,"mode":"native"}
TWILL_END {"n":42,"mode":"native","wallMs":6.793390999999929,"parentCPUMs":3.804}
TWILL_BEGIN {"n":42,"mode":"sdk"}
TWILL_END {"n":42,"mode":"sdk","wallMs":6.441918999999871,"parentCPUMs":3.607}
TWILL_BEGIN {"n":43,"mode":"sdk"}
TWILL_END {"n":43,"mode":"sdk","wallMs":6.9195370000002185,"parentCPUMs":4.184}
TWILL_BEGIN {"n":43,"mode":"native"}
TWILL_END {"n":43,"mode":"native","wallMs":6.248185000000149,"parentCPUMs":3.658}
TWILL_BEGIN {"n":44,"mode":"native"}
TWILL_END {"n":44,"mode":"native","wallMs":7.334096000000045,"parentCPUMs":4.149}
TWILL_BEGIN {"n":44,"mode":"sdk"}
TWILL_END {"n":44,"mode":"sdk","wallMs":7.328661000000011,"parentCPUMs":4.643}
TWILL_BEGIN {"n":45,"mode":"sdk"}
[2191925:0x44fc4000:0]     1125 ms: pause=1.4 mutator=118.3 gc=mc reduce_memory=0 time_to_safepoint=0.00 heap.prologue=0.00 heap.embedder_tracing_epilogue=0.01 heap.epilogue=0.00 heap.external.prologue=0.0 heap.external.epilogue=0.0 heap.external.weak_global_handles=0.0 clear=1 clear.external_string_table=0.0 clear.string_forwarding_table=0.0 clear.weak_global_handles=0.0 clear.dependent_code=0.0 clear.maps=0.0 clear.slots_buffer=0.0 clear.weak_collections=0.0 clear.weak_lists=0.0 clear.weak_references_trivial=0.0 clear.weak_references_non_trivial=0.0 clear.weak_references_filter_non_trivial=0.0 clear.js_weak_references=0.0 clear.join_filter_job=0.0clear.join_job=0.2 weakness_handling=0.0 complete.sweep_array_buffers=0.0 complete.sweeping=0.0 epilogue=0.0 evacuate=0.4 evacuate.pin_pages=0.0 evacuate.candidates=0.0 evacuate.clean_up=0.0 evacuate.copy=0.1 evacuate.prologue=0.0 evacuate.epilogue=0.0 evacuate.rebalance=0.0 evacuate.update_pointers=0.4 evacuate.update_pointers.to_new_roots=0.2 evacuate.update_pointers.slots.main=0.0 evacuate.update_pointers.weak=0.0 finish=0.0 finish.sweep_array_buffers=0.0 mark=0.2 mark.finish_incremental=0.0 mark.roots=0.5 mark.full_closure_parallel=0.0 mark.full_closure=0.0 mark.ephemeron.marking=0.0 mark.ephemeron.linear=0.0 mark.embedder_prologue=0.0 mark.embedder_tracing=0.0 prologue=0.1 sweep=0.0 sweep.code=0.0 sweep.map=0.0 sweep.new=0.0 sweep.new_lo=0.0 sweep.old=0.0 sweep.start_jobs=0.0 incremental=0.0 incremental.finalize.external.prologue=0.0 incremental.finalize.external.epilogue=0.0 incremental.layout_change=0.0 incremental.sweep_array_buffers=5.1 incremental.sweeping=0.0 incremental.embedder_tracing=0.0 incremental_wrapper_tracing_longest_step=0.0 incremental_longest_step=0.0 incremental_steps_count=5 incremental_marking_throughput=760279 incremental_walltime_duration=7 background.mark=4.7 background.sweep=0.0 background.evacuate.copy=0.0 background.evacuate.update_pointers=0.0 conservative_stack_scanning=0.00 start_object_size=6729144 end_object_size=4498728 start_memory_size=10219520 end_memory_size=10219520 start_holes_size=669928 end_holes_size=244744 allocated=1388064 promoted=9408 new_space_survived=0 nodes_died_in_new=6 nodes_copied_in_new=0 nodes_promoted=0 promotion_ratio=0.7% average_survival_ratio=9.7% promotion_rate=0.0% new_space_survive_rate=0.0% new_space_allocation_throughput=11437.7 new_space_capacity=2097152 old_gen_allocation_limit=15826896 global_allocation_limit=15826896 allocation_throughput=11879.1 pool_local_chunks=0 pool_shared_chunks=0 pool_total_chunks=0 compaction_speed=247578.9
TWILL_END {"n":45,"mode":"sdk","wallMs":18.839743999999882,"parentCPUMs":15.852}
TWILL_BEGIN {"n":45,"mode":"native"}
TWILL_END {"n":45,"mode":"native","wallMs":6.777919000000111,"parentCPUMs":4.141}
TWILL_BEGIN {"n":46,"mode":"native"}
TWILL_END {"n":46,"mode":"native","wallMs":6.916013000000021,"parentCPUMs":4.043}
TWILL_BEGIN {"n":46,"mode":"sdk"}
TWILL_END {"n":46,"mode":"sdk","wallMs":5.739252999999962,"parentCPUMs":3.191}
TWILL_BEGIN {"n":47,"mode":"sdk"}
TWILL_END {"n":47,"mode":"sdk","wallMs":6.34309200000007,"parentCPUMs":3.47}
TWILL_BEGIN {"n":47,"mode":"native"}
TWILL_END {"n":47,"mode":"native","wallMs":6.023871000000099,"parentCPUMs":3.582}
TWILL_BEGIN {"n":48,"mode":"native"}
TWILL_END {"n":48,"mode":"native","wallMs":5.862613999999894,"parentCPUMs":3.383}
TWILL_BEGIN {"n":48,"mode":"sdk"}
TWILL_END {"n":48,"mode":"sdk","wallMs":6.013584000000037,"parentCPUMs":3.495}
TWILL_BEGIN {"n":49,"mode":"sdk"}
TWILL_END {"n":49,"mode":"sdk","wallMs":6.3129579999999805,"parentCPUMs":3.784}
TWILL_BEGIN {"n":49,"mode":"native"}
TWILL_END {"n":49,"mode":"native","wallMs":6.2914830000001984,"parentCPUMs":3.663}
TWILL_BEGIN {"n":50,"mode":"native"}
TWILL_END {"n":50,"mode":"native","wallMs":5.975758999999925,"parentCPUMs":3.274}
TWILL_BEGIN {"n":50,"mode":"sdk"}
TWILL_END {"n":50,"mode":"sdk","wallMs":5.877947999999833,"parentCPUMs":3.327}
TWILL_BEGIN {"n":51,"mode":"sdk"}
TWILL_END {"n":51,"mode":"sdk","wallMs":6.911352999999963,"parentCPUMs":4.266}
TWILL_BEGIN {"n":51,"mode":"native"}
TWILL_END {"n":51,"mode":"native","wallMs":7.222999999999956,"parentCPUMs":4.417}
TWILL_BEGIN {"n":52,"mode":"native"}
TWILL_END {"n":52,"mode":"native","wallMs":7.2961290000000645,"parentCPUMs":4.607}
TWILL_BEGIN {"n":52,"mode":"sdk"}
TWILL_END {"n":52,"mode":"sdk","wallMs":8.516758999999865,"parentCPUMs":4.562}
TWILL_BEGIN {"n":53,"mode":"sdk"}
[2191925:0x44fc4000:0]     1250 ms: pause=3.3 mutator=121.8 gc=mc reduce_memory=0 time_to_safepoint=0.00 heap.prologue=0.00 heap.embedder_tracing_epilogue=0.01 heap.epilogue=0.00 heap.external.prologue=0.0 heap.external.epilogue=0.0 heap.external.weak_global_handles=0.0 clear=0 clear.external_string_table=0.0 clear.string_forwarding_table=0.0 clear.weak_global_handles=0.0 clear.dependent_code=0.0 clear.maps=0.0 clear.slots_buffer=0.0 clear.weak_collections=0.0 clear.weak_lists=0.0 clear.weak_references_trivial=0.0 clear.weak_references_non_trivial=0.0 clear.weak_references_filter_non_trivial=0.0 clear.js_weak_references=0.0 clear.join_filter_job=0.0clear.join_job=0.0 weakness_handling=0.0 complete.sweep_array_buffers=0.0 complete.sweeping=0.0 epilogue=0.0 evacuate=0.4 evacuate.pin_pages=0.0 evacuate.candidates=0.0 evacuate.clean_up=0.0 evacuate.copy=0.1 evacuate.prologue=0.0 evacuate.epilogue=0.0 evacuate.rebalance=0.0 evacuate.update_pointers=0.3 evacuate.update_pointers.to_new_roots=0.2 evacuate.update_pointers.slots.main=0.0 evacuate.update_pointers.weak=0.0 finish=2.1 finish.sweep_array_buffers=0.7 mark=0.3 mark.finish_incremental=0.0 mark.roots=0.5 mark.full_closure_parallel=0.2 mark.full_closure=0.0 mark.ephemeron.marking=0.0 mark.ephemeron.linear=0.0 mark.embedder_prologue=0.0 mark.embedder_tracing=0.0 prologue=0.0 sweep=0.0 sweep.code=0.0 sweep.map=0.0 sweep.new=0.0 sweep.new_lo=0.0 sweep.old=0.0 sweep.start_jobs=1.3 incremental=0.0 incremental.finalize.external.prologue=0.0 incremental.finalize.external.epilogue=0.0 incremental.layout_change=0.0 incremental.sweep_array_buffers=6.5 incremental.sweeping=0.0 incremental.embedder_tracing=0.0 incremental_wrapper_tracing_longest_step=0.0 incremental_longest_step=0.0 incremental_steps_count=5 incremental_marking_throughput=760279 incremental_walltime_duration=10 background.mark=9.4 background.sweep=1.3 background.evacuate.copy=0.0 background.evacuate.update_pointers=0.0 conservative_stack_scanning=0.00 start_object_size=6078120 end_object_size=4434120 start_memory_size=10219520 end_memory_size=10219520 start_holes_size=1504872 end_holes_size=243728 allocated=1579392 promoted=10456 new_space_survived=0 nodes_died_in_new=6 nodes_copied_in_new=0 nodes_promoted=0 promotion_ratio=0.7% average_survival_ratio=5.3% promotion_rate=0.0% new_space_survive_rate=0.0% new_space_allocation_throughput=12230.4 new_space_capacity=2097152 old_gen_allocation_limit=14984584 global_allocation_limit=14984584 allocation_throughput=12544.2 pool_local_chunks=0 pool_shared_chunks=0 pool_total_chunks=0 compaction_speed=287135.1
TWILL_END {"n":53,"mode":"sdk","wallMs":16.507585999999947,"parentCPUMs":13.38}
TWILL_BEGIN {"n":53,"mode":"native"}
TWILL_END {"n":53,"mode":"native","wallMs":6.42904099999987,"parentCPUMs":3.549}
TWILL_BEGIN {"n":54,"mode":"native"}
TWILL_END {"n":54,"mode":"native","wallMs":6.091427999999951,"parentCPUMs":3.6}
TWILL_BEGIN {"n":54,"mode":"sdk"}
TWILL_END {"n":54,"mode":"sdk","wallMs":6.731246000000056,"parentCPUMs":4.07}
TWILL_BEGIN {"n":55,"mode":"sdk"}
TWILL_END {"n":55,"mode":"sdk","wallMs":7.062032000000045,"parentCPUMs":4.115}
TWILL_BEGIN {"n":55,"mode":"native"}
[2191925:0x44fc4000:0]     1296 ms: pause=7.3 mutator=38.6 gc=mc reduce_memory=0 time_to_safepoint=0.00 heap.prologue=0.00 heap.embedder_tracing_epilogue=0.01 heap.epilogue=0.00 heap.external.prologue=0.0 heap.external.epilogue=0.0 heap.external.weak_global_handles=0.0 clear=0 clear.external_string_table=0.0 clear.string_forwarding_table=0.0 clear.weak_global_handles=0.0 clear.dependent_code=0.0 clear.maps=0.0 clear.slots_buffer=0.0 clear.weak_collections=0.0 clear.weak_lists=0.0 clear.weak_references_trivial=0.0 clear.weak_references_non_trivial=0.0 clear.weak_references_filter_non_trivial=0.0 clear.js_weak_references=0.0 clear.join_filter_job=0.0clear.join_job=0.0 weakness_handling=0.0 complete.sweep_array_buffers=0.0 complete.sweeping=0.0 epilogue=0.0 evacuate=0.3 evacuate.pin_pages=0.0 evacuate.candidates=0.0 evacuate.clean_up=0.0 evacuate.copy=0.1 evacuate.prologue=0.0 evacuate.epilogue=0.0 evacuate.rebalance=0.0 evacuate.update_pointers=0.3 evacuate.update_pointers.to_new_roots=0.2 evacuate.update_pointers.slots.main=0.0 evacuate.update_pointers.weak=0.0 finish=2.1 finish.sweep_array_buffers=0.9 mark=4.3 mark.finish_incremental=0.0 mark.roots=0.3 mark.full_closure_parallel=3.8 mark.full_closure=0.0 mark.ephemeron.marking=1.5 mark.ephemeron.linear=0.0 mark.embedder_prologue=0.0 mark.embedder_tracing=0.0 prologue=0.0 sweep=0.0 sweep.code=0.0 sweep.map=0.0 sweep.new=0.0 sweep.new_lo=0.0 sweep.old=0.0 sweep.start_jobs=1.2 incremental=0.0 incremental.finalize.external.prologue=0.0 incremental.finalize.external.epilogue=0.0 incremental.layout_change=0.0 incremental.sweep_array_buffers=0.0 incremental.sweeping=0.0 incremental.embedder_tracing=0.0 incremental_wrapper_tracing_longest_step=0.0 incremental_longest_step=0.0 incremental_steps_count=0 incremental_marking_throughput=760279 incremental_walltime_duration=0 background.mark=3.8 background.sweep=1.2 background.evacuate.copy=0.0 background.evacuate.update_pointers=0.0 conservative_stack_scanning=0.00 start_object_size=4921032 end_object_size=4446152 start_memory_size=10219520 end_memory_size=10219520 start_holes_size=1560800 end_holes_size=240472 allocated=486912 promoted=13456 new_space_survived=0 nodes_died_in_new=5 nodes_copied_in_new=0 nodes_promoted=0 promotion_ratio=2.9% average_survival_ratio=4.2% promotion_rate=0.0% new_space_survive_rate=0.0% new_space_allocation_throughput=12162.5 new_space_capacity=2097152 old_gen_allocation_limit=14919928 global_allocation_limit=14919928 allocation_throughput=12623.0 pool_local_chunks=0 pool_shared_chunks=0 pool_total_chunks=0 compaction_speed=355368.4
TWILL_END {"n":55,"mode":"native","wallMs":17.07187799999997,"parentCPUMs":14.378}
TWILL_BEGIN {"n":56,"mode":"native"}
TWILL_END {"n":56,"mode":"native","wallMs":5.695194000000129,"parentCPUMs":3.365}
TWILL_BEGIN {"n":56,"mode":"sdk"}
TWILL_END {"n":56,"mode":"sdk","wallMs":6.264194999999972,"parentCPUMs":3.759}
TWILL_BEGIN {"n":57,"mode":"sdk"}
TWILL_END {"n":57,"mode":"sdk","wallMs":5.89970500000004,"parentCPUMs":3.088}
TWILL_BEGIN {"n":57,"mode":"native"}
TWILL_END {"n":57,"mode":"native","wallMs":6.023830999999973,"parentCPUMs":3.521}
TWILL_BEGIN {"n":58,"mode":"native"}
TWILL_END {"n":58,"mode":"native","wallMs":5.5068839999999,"parentCPUMs":2.986}
TWILL_BEGIN {"n":58,"mode":"sdk"}
TWILL_END {"n":58,"mode":"sdk","wallMs":6.279769999999871,"parentCPUMs":3.456}
TWILL_BEGIN {"n":59,"mode":"sdk"}
TWILL_END {"n":59,"mode":"sdk","wallMs":6.442751000000044,"parentCPUMs":4.064}
TWILL_BEGIN {"n":59,"mode":"native"}
TWILL_END {"n":59,"mode":"native","wallMs":7.414133999999876,"parentCPUMs":4.654}
TWILL_BEGIN {"n":60,"mode":"native"}
TWILL_END {"n":60,"mode":"native","wallMs":7.155030000000124,"parentCPUMs":4.421}
TWILL_BEGIN {"n":60,"mode":"sdk"}
TWILL_END {"n":60,"mode":"sdk","wallMs":7.165858000000071,"parentCPUMs":4.123}
TWILL_BEGIN {"n":61,"mode":"sdk"}
TWILL_END {"n":61,"mode":"sdk","wallMs":7.363671000000068,"parentCPUMs":4.226}
TWILL_BEGIN {"n":61,"mode":"native"}
TWILL_END {"n":61,"mode":"native","wallMs":6.716812000000118,"parentCPUMs":4.182}
TWILL_BEGIN {"n":62,"mode":"native"}
TWILL_END {"n":62,"mode":"native","wallMs":6.480636000000004,"parentCPUMs":4.053}
TWILL_BEGIN {"n":62,"mode":"sdk"}
TWILL_END {"n":62,"mode":"sdk","wallMs":7.633670999999822,"parentCPUMs":4.749}
TWILL_BEGIN {"n":63,"mode":"sdk"}
TWILL_END {"n":63,"mode":"sdk","wallMs":6.9588770000000295,"parentCPUMs":3.942}
TWILL_BEGIN {"n":63,"mode":"native"}
TWILL_END {"n":63,"mode":"native","wallMs":11.66975699999989,"parentCPUMs":9.225}
[2191925:0x44fc4000:0]     1417 ms: pause=3.3 mutator=117.3 gc=mc reduce_memory=0 time_to_safepoint=0.00 heap.prologue=0.00 heap.embedder_tracing_epilogue=0.01 heap.epilogue=0.00 heap.external.prologue=0.0 heap.external.epilogue=0.0 heap.external.weak_global_handles=0.0 clear=0 clear.external_string_table=0.0 clear.string_forwarding_table=0.0 clear.weak_global_handles=0.0 clear.dependent_code=0.0 clear.maps=0.0 clear.slots_buffer=0.0 clear.weak_collections=0.0 clear.weak_lists=0.0 clear.weak_references_trivial=0.0 clear.weak_references_non_trivial=0.0 clear.weak_references_filter_non_trivial=0.0 clear.js_weak_references=0.0 clear.join_filter_job=0.0clear.join_job=0.0 weakness_handling=0.0 complete.sweep_array_buffers=0.0 complete.sweeping=0.0 epilogue=0.0 evacuate=0.4 evacuate.pin_pages=0.0 evacuate.candidates=0.0 evacuate.clean_up=0.0 evacuate.copy=0.1 evacuate.prologue=0.0 evacuate.epilogue=0.0 evacuate.rebalance=0.0 evacuate.update_pointers=0.4 evacuate.update_pointers.to_new_roots=0.3 evacuate.update_pointers.slots.main=0.0 evacuate.update_pointers.weak=0.0 finish=2.0 finish.sweep_array_buffers=0.6 mark=0.2 mark.finish_incremental=0.0 mark.roots=0.4 mark.full_closure_parallel=0.1 mark.full_closure=0.0 mark.ephemeron.marking=0.0 mark.ephemeron.linear=0.0 mark.embedder_prologue=0.0 mark.embedder_tracing=0.0 prologue=0.0 sweep=0.0 sweep.code=0.0 sweep.map=0.0 sweep.new=0.0 sweep.new_lo=0.0 sweep.old=0.0 sweep.start_jobs=1.4 incremental=0.0 incremental.finalize.external.prologue=0.0 incremental.finalize.external.epilogue=0.0 incremental.layout_change=0.0 incremental.sweep_array_buffers=5.3 incremental.sweeping=0.0 incremental.embedder_tracing=0.0 incremental_wrapper_tracing_longest_step=0.0 incremental_longest_step=0.0 incremental_steps_count=2 incremental_marking_throughput=388140 incremental_walltime_duration=10 background.mark=7.1 background.sweep=1.4 background.evacuate.copy=0.0 background.evacuate.update_pointers=0.0 conservative_stack_scanning=0.00 start_object_size=5848704 end_object_size=4444952 start_memory_size=10219520 end_memory_size=10219520 start_holes_size=1559216 end_holes_size=242736 allocated=1402552 promoted=9944 new_space_survived=0 nodes_died_in_new=5 nodes_copied_in_new=0 nodes_promoted=0 promotion_ratio=0.7% average_survival_ratio=3.6% promotion_rate=0.0% new_space_survive_rate=0.0% new_space_allocation_throughput=11972.7 new_space_capacity=2097152 old_gen_allocation_limit=14931968 global_allocation_limit=14931968 allocation_throughput=12313.5 pool_local_chunks=0 pool_shared_chunks=0 pool_total_chunks=0 compaction_speed=262947.4
